============================= test session starts =============================
platform win32 -- Python 3.13.9, pytest-9.0.2, pluggy-1.6.0
rootdir: C:\Users\Lenovo\OneDrive\Desktop\swayam 1\DebugMentor\backend
plugins: anyio-4.13.0
collected 0 items / 1 error

=================================== ERRORS ====================================
___________________ ERROR collecting tests/test_executor.py ___________________
ImportError while importing test module 'c:\Users\Lenovo\OneDrive\Desktop\swayam 1\DebugMentor\backend\tests\test_executor.py'.
Hint: make sure your test modules/packages have valid Python names.
Traceback:
..\..\..\..\..\AppData\Local\Programs\Python\Python313\Lib\importlib\__init__.py:88: in import_module
    return _bootstrap._gcd_import(name[level:], package, level)
           ^^^^^^^^^^^^^^^^^^^^^^^^^^^^^^^^^^^^^^^^^^^^^^^^^^^^
tests\test_executor.py:3: in <module>
    from app.engines.executor import run_code
E   ModuleNotFoundError: No module named 'app'
=========================== short test summary info ===========================
ERROR tests/test_executor.py
!!!!!!!!!!!!!!!!!!! Interrupted: 1 error during collection !!!!!!!!!!!!!!!!!!!!
============================== 1 error in 0.52s ===============================
